./gradlew : e: file:///E:/Android/app/src/main/java/co
e: file:///E:/Android/app/src/main/java/com/example/po
e: file:///E:/Android/app/src/main/java/com/example/po
e: file:///E:/Android/app/src/main/java/com/example/po
e: file:///E:/Android/app/src/main/java/com/example/po
e: file:///E:/Android/app/src/main/java/com/example/po
e: file:///E:/Android/app/src/main/java/com/example/po
e: file:///E:/Android/app/src/main/java/com/example/po
e: file:///E:/Android/app/src/main/java/com/example/po
e: file:///E:/Android/app/src/main/java/com/example/po
e: file:///E:/Android/app/src/main/java/com/example/po
e: file:///E:/Android/app/src/main/java/com/example/po
e: file:///E:/Android/app/src/main/java/com/example/po
e: file:///E:/Android/app/src/main/java/com/example/po
e: file:///E:/Android/app/src/main/java/com/example/po
e: file:///E:/Android/app/src/main/java/com/example/po
e: file:///E:/Android/app/src/main/java/com/example/po
e: file:///E:/Android/app/src/main/java/com/example/po
e: file:///E:/Android/app/src/main/java/com/example/po
e: file:///E:/Android/app/src/main/java/com/example/po
e: file:///E:/Android/app/src/main/java/com/example/po
e: file:///E:/Android/app/src/main/java/com/example/po
e: file:///E:/Android/app/src/main/java/com/example/po
e: file:///E:/Android/app/src/main/java/com/example/po
e: file:///E:/Android/app/src/main/java/com/example/po
e: file:///E:/Android/app/src/main/java/com/example/po
e: file:///E:/Android/app/src/main/java/com/example/po
e: file:///E:/Android/app/src/main/java/com/example/po
e: file:///E:/Android/app/src/main/java/com/example/po
e: file:///E:/Android/app/src/main/java/com/example/po
e: file:///E:/Android/app/src/main/java/com/example/po
e: file:///E:/Android/app/src/main/java/com/example/po
e: file:///E:/Android/app/src/main/java/com/example/po
e: file:///E:/Android/app/src/main/java/com/example/po
e: file:///E:/Android/app/src/main/java/com/example/po
e: file:///E:/Android/app/src/main/java/com/example/po
e: file:///E:/Android/app/src/main/java/com/example/po
e: file:///E:/Android/app/src/main/java/com/example/po
e: file:///E:/Android/app/src/main/java/com/example/po
e: file:///E:/Android/app/src/main/java/com/example/po
e: file:///E:/Android/app/src/main/java/com/example/po
e: file:///E:/Android/app/src/main/java/com/example/po
e: file:///E:/Android/app/src/main/java/com/example/po
